// Jest Snapshot v1, https://goo.gl/fbAQLP

exports[`Home screen should match the snapshot 1`] = `
<RNCSafeAreaProvider
  onInsetsChange={[Function]}
  style={
    [
      {
        "flex": 1,
      },
      undefined,
    ]
  }
>
  <View
    style={
      {
        "flex": 1,
      }
    }
  >
    <View
      style={
        [
          {
            "flex": 1,
          },
          undefined,
        ]
      }
    >
      <View
        style={
          [
            {
              "backgroundColor": "rgb(242, 242, 242)",
              "flex": 1,
            },
            undefined,
          ]
        }
      >
        <View
          collapsable={false}
          pointerEvents="box-none"
          style={
            {
              "zIndex": 1,
            }
          }
        >
          <View
            accessibilityElementsHidden={false}
            importantForAccessibility="auto"
            onLayout={[Function]}
            pointerEvents="box-none"
            style={null}
          >
            <View
              collapsable={false}
              pointerEvents="box-none"
              style={
                {
                  "bottom": 0,
                  "left": 0,
                  "opacity": 1,
                  "position": "absolute",
                  "right": 0,
                  "top": 0,
                  "zIndex": 0,
                }
              }
            >
              <View
                collapsable={false}
                style={
                  {
                    "backgroundColor": "rgb(255, 255, 255)",
                    "borderBottomColor": "rgb(216, 216, 216)",
                    "flex": 1,
                    "shadowColor": "rgb(216, 216, 216)",
                    "shadowOffset": {
                      "height": 0.5,
                      "width": 0,
                    },
                    "shadowOpacity": 0.85,
                    "shadowRadius": 0,
                  }
                }
              />
            </View>
            <View
              collapsable={false}
              pointerEvents="box-none"
              style={
                {
                  "height": 44,
                  "maxHeight": undefined,
                  "minHeight": undefined,
                  "opacity": undefined,
                  "transform": undefined,
                }
              }
            >
              <View
                pointerEvents="none"
                style={
                  {
                    "height": 0,
                  }
                }
              />
              <View
                pointerEvents="box-none"
                style={
                  {
                    "alignItems": "stretch",
                    "flex": 1,
                    "flexDirection": "row",
                  }
                }
              >
                <View
                  collapsable={false}
                  pointerEvents="box-none"
                  style={
                    {
                      "alignItems": "flex-start",
                      "flexBasis": 0,
                      "flexGrow": 1,
                      "justifyContent": "center",
                      "marginStart": 0,
                      "opacity": 1,
                    }
                  }
                />
                <View
                  collapsable={false}
                  pointerEvents="box-none"
                  style={
                    {
                      "justifyContent": "center",
                      "marginHorizontal": 16,
                      "maxWidth": 718,
                      "opacity": 1,
                    }
                  }
                >
                  <Text
                    accessibilityRole="header"
                    aria-level="1"
                    collapsable={false}
                    numberOfLines={1}
                    onLayout={[Function]}
                    style={
                      {
                        "color": "rgb(28, 28, 30)",
                        "fontSize": 17,
                        "fontWeight": "600",
                      }
                    }
                  >
                    Home
                  </Text>
                </View>
                <View
                  collapsable={false}
                  pointerEvents="box-none"
                  style={
                    {
                      "alignItems": "flex-end",
                      "flexBasis": 0,
                      "flexGrow": 1,
                      "justifyContent": "center",
                      "marginEnd": 0,
                      "opacity": 1,
                    }
                  }
                />
              </View>
            </View>
          </View>
        </View>
        <RNSScreenContainer
          onLayout={[Function]}
          style={
            {
              "flex": 1,
            }
          }
        >
          <RNSScreen
            activityState={2}
            collapsable={false}
            forwardedRef={[Function]}
            gestureResponseDistance={
              {
                "bottom": -1,
                "end": -1,
                "start": -1,
                "top": -1,
              }
            }
            pointerEvents="box-none"
            style={
              {
                "bottom": 0,
                "left": 0,
                "position": "absolute",
                "right": 0,
                "top": 0,
              }
            }
          >
            <View
              collapsable={false}
              style={
                {
                  "opacity": 1,
                }
              }
            />
            <View
              accessibilityElementsHidden={false}
              closing={false}
              gestureVelocityImpact={0.3}
              importantForAccessibility="auto"
              onClose={[Function]}
              onGestureBegin={[Function]}
              onGestureCanceled={[Function]}
              onGestureEnd={[Function]}
              onOpen={[Function]}
              onTransition={[Function]}
              pointerEvents="box-none"
              style={
                [
                  {
                    "display": "flex",
                    "overflow": undefined,
                  },
                  {
                    "bottom": 0,
                    "left": 0,
                    "position": "absolute",
                    "right": 0,
                    "top": 0,
                  },
                ]
              }
              transitionSpec={
                {
                  "close": {
                    "animation": "spring",
                    "config": {
                      "damping": 500,
                      "mass": 3,
                      "overshootClamping": true,
                      "restDisplacementThreshold": 10,
                      "restSpeedThreshold": 10,
                      "stiffness": 1000,
                    },
                  },
                  "open": {
                    "animation": "spring",
                    "config": {
                      "damping": 500,
                      "mass": 3,
                      "overshootClamping": true,
                      "restDisplacementThreshold": 10,
                      "restSpeedThreshold": 10,
                      "stiffness": 1000,
                    },
                  },
                }
              }
            >
              <View
                collapsable={false}
                pointerEvents="box-none"
                style={
                  {
                    "flex": 1,
                  }
                }
              >
                <View
                  collapsable={false}
                  forwardedRef={[Function]}
                  handlerTag={1}
                  handlerType="PanGestureHandler"
                  needsOffscreenAlphaCompositing={false}
                  onGestureHandlerEvent={[Function]}
                  onGestureHandlerStateChange={[Function]}
                  style={
                    {
                      "flex": 1,
                      "transform": [
                        {
                          "translateX": 0,
                        },
                        {
                          "translateX": 0,
                        },
                      ],
                    }
                  }
                >
                  <View
                    pointerEvents="box-none"
                    style={
                      [
                        {
                          "flex": 1,
                          "overflow": "hidden",
                        },
                        [
                          {
                            "backgroundColor": "rgb(242, 242, 242)",
                          },
                          undefined,
                        ],
                      ]
                    }
                  >
                    <View
                      style={
                        {
                          "flex": 1,
                          "flexDirection": "column-reverse",
                        }
                      }
                    >
                      <View
                        style={
                          {
                            "flex": 1,
                          }
                        }
                      >
                        <View
                          style={
                            [
                              {
                                "flex": 1,
                              },
                              {},
                            ]
                          }
                          testID="home-screen"
                        >
                          <RCTScrollView
                            ListEmptyComponent={<ItemsListEmptyState />}
                            ListFooterComponent={false}
                            ListHeaderComponent={
                              <AppButton
                                label="[missing "en.USERS.LIST.BUTTON_CREATE_USER" translation]"
                                onPress={[Function]}
                                style={
                                  {
                                    "marginBottom": 16,
                                  }
                                }
                                testID="create-user-button"
                              />
                            }
                            contentContainerStyle={
                              [
                                {
                                  "minHeight": "100%",
                                  "paddingBottom": 50,
                                },
                                {
                                  "paddingHorizontal": 24,
                                },
                              ]
                            }
                            data={
                              [
                                User {
                                  "createdAt": undefined,
                                  "deletedAt": undefined,
                                  "email": "test@test.com",
                                  "gender": "female",
                                  "id": 2358991,
                                  "name": "Devak Kakkar",
                                  "status": "inactive",
                                  "updatedAt": undefined,
                                  Symbol(immer-draftable): true,
                                },
                                User {
                                  "createdAt": undefined,
                                  "deletedAt": undefined,
                                  "email": "test2@test.com",
                                  "gender": "female",
                                  "id": 2358990,
                                  "name": "Chiranjeev Nehru DVM",
                                  "status": "active",
                                  "updatedAt": undefined,
                                  Symbol(immer-draftable): true,
                                },
                                User {
                                  "createdAt": undefined,
                                  "deletedAt": undefined,
                                  "email": "test3@test.com",
                                  "gender": "male",
                                  "id": 2358989,
                                  "name": "Dayaananda Bhat",
                                  "status": "active",
                                  "updatedAt": undefined,
                                  Symbol(immer-draftable): true,
                                },
                              ]
                            }
                            getItem={[Function]}
                            getItemCount={[Function]}
                            keyExtractor={[Function]}
                            onContentSizeChange={[Function]}
                            onEndReached={[Function]}
                            onLayout={[Function]}
                            onMomentumScrollBegin={[Function]}
                            onMomentumScrollEnd={[Function]}
                            onScroll={[Function]}
                            onScrollBeginDrag={[Function]}
                            onScrollEndDrag={[Function]}
                            refreshControl={
                              <AppRefreshControl
                                onRefresh={[Function]}
                                refreshing={false}
                              />
                            }
                            removeClippedSubviews={false}
                            renderItem={[Function]}
                            scrollEventThrottle={50}
                            stickyHeaderIndices={[]}
                            testID="users-list"
                            viewabilityConfigCallbackPairs={[]}
                          >
                            <RCTRefreshControl />
                            <View>
                              <View
                                onLayout={[Function]}
                              >
                                <View
                                  accessibilityRole="button"
                                  accessibilityState={
                                    {
                                      "busy": undefined,
                                      "checked": undefined,
                                      "disabled": undefined,
                                      "expanded": undefined,
                                      "selected": undefined,
                                    }
                                  }
                                  accessibilityValue={
                                    {
                                      "max": undefined,
                                      "min": undefined,
                                      "now": undefined,
                                      "text": undefined,
                                    }
                                  }
                                  accessible={true}
                                  collapsable={false}
                                  focusable={true}
                                  onClick={[Function]}
                                  onLayout={[Function]}
                                  onResponderGrant={[Function]}
                                  onResponderMove={[Function]}
                                  onResponderRelease={[Function]}
                                  onResponderTerminate={[Function]}
                                  onResponderTerminationRequest={[Function]}
                                  onStartShouldSetResponder={[Function]}
                                  style={
                                    {
                                      "alignItems": "center",
                                      "backgroundColor": "#26a0f8",
                                      "borderRadius": 12,
                                      "flexDirection": "row",
                                      "justifyContent": "center",
                                      "marginBottom": 16,
                                      "minWidth": 90,
                                      "opacity": 1,
                                      "paddingHorizontal": 15,
                                      "paddingVertical": 13,
                                      "width": "100%",
                                    }
                                  }
                                  testID="create-user-button"
                                >
                                  <Text
                                    numberOfLines={1}
                                    style={
                                      [
                                        {
                                          "backgroundColor": "transparent",
                                          "color": "#20303C",
                                          "textAlign": "left",
                                        },
                                        undefined,
                                        undefined,
                                        undefined,
                                        undefined,
                                        undefined,
                                        undefined,
                                        undefined,
                                        undefined,
                                        [
                                          {
                                            "backgroundColor": "transparent",
                                            "flexDirection": "row",
                                            "fontFamily": "System",
                                            "fontSize": 16,
                                            "fontWeight": "400",
                                            "lineHeight": 24,
                                          },
                                          {
                                            "color": "#FFFFFF",
                                          },
                                          undefined,
                                          undefined,
                                          [
                                            {
                                              "fontFamily": "SFProTextSemiBold",
                                              "fontSize": 18.4,
                                              "fontWeight": "600",
                                              "lineHeight": 30,
                                              "textAlign": "center",
                                            },
                                            {
                                              "color": "#FFFFFF",
                                            },
                                            undefined,
                                          ],
                                        ],
                                      ]
                                    }
                                    testID="create-user-button.label"
                                  >
                                    [missing "en.USERS.LIST.BUTTON_CREATE_USER" translation]
                                  </Text>
                                </View>
                              </View>
                              <View
                                onFocusCapture={[Function]}
                                onLayout={[Function]}
                                style={null}
                              >
                                <View
                                  accessibilityState={
                                    {
                                      "busy": undefined,
                                      "checked": undefined,
                                      "disabled": undefined,
                                      "expanded": undefined,
                                      "selected": undefined,
                                    }
                                  }
                                  accessibilityValue={
                                    {
                                      "max": undefined,
                                      "min": undefined,
                                      "now": undefined,
                                      "text": undefined,
                                    }
                                  }
                                  accessible={true}
                                  collapsable={false}
                                  focusable={true}
                                  onClick={[Function]}
                                  onResponderGrant={[Function]}
                                  onResponderMove={[Function]}
                                  onResponderRelease={[Function]}
                                  onResponderTerminate={[Function]}
                                  onResponderTerminationRequest={[Function]}
                                  onStartShouldSetResponder={[Function]}
                                  style={
                                    {
                                      "borderBottomColor": "#FFFFFF",
                                      "borderBottomWidth": 2,
                                      "opacity": 1,
                                      "paddingVertical": 8,
                                    }
                                  }
                                  testID="user-item"
                                >
                                  <Text
                                    numberOfLines={1}
                                    style={
                                      [
                                        {
                                          "backgroundColor": "transparent",
                                          "color": "#20303C",
                                          "textAlign": "left",
                                        },
                                        undefined,
                                        undefined,
                                        undefined,
                                        undefined,
                                        undefined,
                                        undefined,
                                        undefined,
                                        undefined,
                                        [
                                          {
                                            "fontFamily": "SFProDisplayRegular",
                                            "fontSize": 22.4,
                                            "lineHeight": 24.64,
                                          },
                                          {
                                            "color": "#FFFFFF",
                                          },
                                          undefined,
                                        ],
                                      ]
                                    }
                                  >
                                    #
                                    2358991
                                    : 
                                    Devak Kakkar
                                  </Text>
                                  <Text
                                    numberOfLines={1}
                                    style={
                                      [
                                        {
                                          "backgroundColor": "transparent",
                                          "color": "#20303C",
                                          "textAlign": "left",
                                        },
                                        undefined,
                                        undefined,
                                        undefined,
                                        undefined,
                                        undefined,
                                        undefined,
                                        undefined,
                                        undefined,
                                        [
                                          {
                                            "fontFamily": "SFProTextRegular",
                                            "fontSize": 16,
                                            "lineHeight": 29.44,
                                          },
                                          {
                                            "color": "#FFFFFF",
                                          },
                                          undefined,
                                        ],
                                      ]
                                    }
                                  >
                                    Email: 
                                    test@test.com
                                  </Text>
                                </View>
                              </View>
                              <View
                                onFocusCapture={[Function]}
                                onLayout={[Function]}
                                style={null}
                              >
                                <View
                                  accessibilityState={
                                    {
                                      "busy": undefined,
                                      "checked": undefined,
                                      "disabled": undefined,
                                      "expanded": undefined,
                                      "selected": undefined,
                                    }
                                  }
                                  accessibilityValue={
                                    {
                                      "max": undefined,
                                      "min": undefined,
                                      "now": undefined,
                                      "text": undefined,
                                    }
                                  }
                                  accessible={true}
                                  collapsable={false}
                                  focusable={true}
                                  onClick={[Function]}
                                  onResponderGrant={[Function]}
                                  onResponderMove={[Function]}
                                  onResponderRelease={[Function]}
                                  onResponderTerminate={[Function]}
                                  onResponderTerminationRequest={[Function]}
                                  onStartShouldSetResponder={[Function]}
                                  style={
                                    {
                                      "borderBottomColor": "#FFFFFF",
                                      "borderBottomWidth": 2,
                                      "opacity": 1,
                                      "paddingVertical": 8,
                                    }
                                  }
                                  testID="user-item"
                                >
                                  <Text
                                    numberOfLines={1}
                                    style={
                                      [
                                        {
                                          "backgroundColor": "transparent",
                                          "color": "#20303C",
                                          "textAlign": "left",
                                        },
                                        undefined,
                                        undefined,
                                        undefined,
                                        undefined,
                                        undefined,
                                        undefined,
                                        undefined,
                                        undefined,
                                        [
                                          {
                                            "fontFamily": "SFProDisplayRegular",
                                            "fontSize": 22.4,
                                            "lineHeight": 24.64,
                                          },
                                          {
                                            "color": "#FFFFFF",
                                          },
                                          undefined,
                                        ],
                                      ]
                                    }
                                  >
                                    #
                                    2358990
                                    : 
                                    Chiranjeev Nehru DVM
                                  </Text>
                                  <Text
                                    numberOfLines={1}
                                    style={
                                      [
                                        {
                                          "backgroundColor": "transparent",
                                          "color": "#20303C",
                                          "textAlign": "left",
                                        },
                                        undefined,
                                        undefined,
                                        undefined,
                                        undefined,
                                        undefined,
                                        undefined,
                                        undefined,
                                        undefined,
                                        [
                                          {
                                            "fontFamily": "SFProTextRegular",
                                            "fontSize": 16,
                                            "lineHeight": 29.44,
                                          },
                                          {
                                            "color": "#FFFFFF",
                                          },
                                          undefined,
                                        ],
                                      ]
                                    }
                                  >
                                    Email: 
                                    test2@test.com
                                  </Text>
                                </View>
                              </View>
                              <View
                                onFocusCapture={[Function]}
                                onLayout={[Function]}
                                style={null}
                              >
                                <View
                                  accessibilityState={
                                    {
                                      "busy": undefined,
                                      "checked": undefined,
                                      "disabled": undefined,
                                      "expanded": undefined,
                                      "selected": undefined,
                                    }
                                  }
                                  accessibilityValue={
                                    {
                                      "max": undefined,
                                      "min": undefined,
                                      "now": undefined,
                                      "text": undefined,
                                    }
                                  }
                                  accessible={true}
                                  collapsable={false}
                                  focusable={true}
                                  onClick={[Function]}
                                  onResponderGrant={[Function]}
                                  onResponderMove={[Function]}
                                  onResponderRelease={[Function]}
                                  onResponderTerminate={[Function]}
                                  onResponderTerminationRequest={[Function]}
                                  onStartShouldSetResponder={[Function]}
                                  style={
                                    {
                                      "borderBottomColor": "#FFFFFF",
                                      "borderBottomWidth": 2,
                                      "opacity": 1,
                                      "paddingVertical": 8,
                                    }
                                  }
                                  testID="user-item"
                                >
                                  <Text
                                    numberOfLines={1}
                                    style={
                                      [
                                        {
                                          "backgroundColor": "transparent",
                                          "color": "#20303C",
                                          "textAlign": "left",
                                        },
                                        undefined,
                                        undefined,
                                        undefined,
                                        undefined,
                                        undefined,
                                        undefined,
                                        undefined,
                                        undefined,
                                        [
                                          {
                                            "fontFamily": "SFProDisplayRegular",
                                            "fontSize": 22.4,
                                            "lineHeight": 24.64,
                                          },
                                          {
                                            "color": "#FFFFFF",
                                          },
                                          undefined,
                                        ],
                                      ]
                                    }
                                  >
                                    #
                                    2358989
                                    : 
                                    Dayaananda Bhat
                                  </Text>
                                  <Text
                                    numberOfLines={1}
                                    style={
                                      [
                                        {
                                          "backgroundColor": "transparent",
                                          "color": "#20303C",
                                          "textAlign": "left",
                                        },
                                        undefined,
                                        undefined,
                                        undefined,
                                        undefined,
                                        undefined,
                                        undefined,
                                        undefined,
                                        undefined,
                                        [
                                          {
                                            "fontFamily": "SFProTextRegular",
                                            "fontSize": 16,
                                            "lineHeight": 29.44,
                                          },
                                          {
                                            "color": "#FFFFFF",
                                          },
                                          undefined,
                                        ],
                                      ]
                                    }
                                  >
                                    Email: 
                                    test3@test.com
                                  </Text>
                                </View>
                              </View>
                            </View>
                          </RCTScrollView>
                        </View>
                      </View>
                    </View>
                  </View>
                </View>
              </View>
            </View>
          </RNSScreen>
        </RNSScreenContainer>
      </View>
    </View>
  </View>
</RNCSafeAreaProvider>
`;
