// Jest Snapshot v1, https://goo.gl/fbAQLP

exports[`Login screen should match the snapshot 1`] = `
<RNCSafeAreaProvider
  onInsetsChange={[Function]}
  style={
    [
      {
        "flex": 1,
      },
      undefined,
    ]
  }
>
  <View
    style={
      [
        {
          "flex": 1,
        },
        {
          "paddingHorizontal": 24,
        },
      ]
    }
  >
    <RCTScrollView
      contentContainerStyle={
        {
          "paddingTop": 32,
        }
      }
    >
      <View>
        <Image
          accessibilityRole="image"
          accessible={false}
          assetGroup="icons"
          onError={[Function]}
          source={1}
          style={
            [
              undefined,
              undefined,
              undefined,
              undefined,
              undefined,
              undefined,
              false,
              {
                "height": 56,
                "width": 56,
              },
              false,
            ]
          }
        />
        <Text
          style={
            [
              {
                "backgroundColor": "transparent",
                "color": "#20303C",
                "textAlign": "left",
              },
              undefined,
              undefined,
              undefined,
              undefined,
              undefined,
              undefined,
              undefined,
              undefined,
              [
                {
                  "fontFamily": "SFProDisplayBold",
                  "fontSize": 27.2,
                  "lineHeight": 39.36,
                },
                {
                  "color": "#FFFFFF",
                },
                {
                  "marginVertical": 32,
                },
              ],
            ]
          }
        >
          Welcome to [missing "{{value}}" value]
        </Text>
        <View
          style={
            [
              undefined,
              undefined,
              undefined,
              undefined,
              undefined,
              undefined,
              undefined,
              [
                {},
                undefined,
                {
                  "marginBottom": 19.2,
                },
              ],
            ]
          }
        >
          <Text
            color="#20303C"
            style={
              [
                {
                  "backgroundColor": "transparent",
                  "color": "#20303C",
                  "textAlign": "left",
                },
                undefined,
                {
                  "color": "#20303C",
                },
                undefined,
                undefined,
                undefined,
                undefined,
                undefined,
                undefined,
                [
                  {
                    "minHeight": 20,
                  },
                  {
                    "color": "#FFFFFF",
                    "fontFamily": "SFProDisplayRegular",
                    "fontSize": 22.4,
                    "lineHeight": 24.64,
                    "marginBottom": 8,
                  },
                  undefined,
                ],
              ]
            }
            testID="email-input.label"
          >
            Email
          </Text>
          <View
            centerV={true}
            row={true}
            style={
              [
                undefined,
                undefined,
                undefined,
                undefined,
                {},
                {},
                {
                  "alignItems": "center",
                  "flexDirection": "row",
                },
                [
                  {},
                  [
                    [
                      {
                        "alignItems": "center",
                        "backgroundColor": "#18191F",
                        "borderColor": "#18191F",
                        "borderRadius": 10,
                        "borderWidth": 1,
                        "flexDirection": "row",
                        "paddingLeft": 20,
                        "paddingRight": 20,
                        "position": "relative",
                        "width": "100%",
                      },
                      false,
                      false,
                      undefined,
                      undefined,
                      undefined,
                    ],
                    undefined,
                  ],
                ],
              ]
            }
          >
            <View
              flexG={true}
              style={
                [
                  undefined,
                  undefined,
                  {
                    "flexGrow": 1,
                  },
                  undefined,
                  {},
                  {},
                  {},
                  undefined,
                ]
              }
            >
              <TextInput
                accessibilityState={
                  {
                    "disabled": false,
                  }
                }
                autoCapitalize="none"
                editable={true}
                keyboardType="email-address"
                onBlur={[Function]}
                onChangeText={[Function]}
                onFocus={[Function]}
                style={
                  [
                    {
                      "flexGrow": 1,
                      "paddingBottom": 0,
                      "paddingTop": 0,
                      "textAlign": "left",
                    },
                    {
                      "color": "#20303C",
                    },
                    [
                      {},
                      undefined,
                      [
                        {
                          "color": "#FFFFFF",
                          "flex": 1,
                          "fontSize": 18.4,
                          "height": 54,
                          "paddingBottom": 15,
                          "paddingTop": 15,
                        },
                        {},
                        undefined,
                      ],
                    ],
                  ]
                }
                testID="email-input"
                underlineColorAndroid="transparent"
                value=""
              />
            </View>
          </View>
          <View
            row={true}
            spread={true}
            style={
              [
                undefined,
                undefined,
                undefined,
                undefined,
                {},
                {},
                {
                  "flexDirection": "row",
                  "justifyContent": "space-between",
                },
                undefined,
              ]
            }
          >
            <Text
              $textDangerLight={true}
              style={
                [
                  {
                    "backgroundColor": "transparent",
                    "color": "#20303C",
                    "textAlign": "left",
                  },
                  undefined,
                  {
                    "color": "#FC3D2F",
                  },
                  undefined,
                  undefined,
                  {},
                  undefined,
                  undefined,
                  undefined,
                  [
                    {
                      "minHeight": 20,
                    },
                    {
                      "color": "#FF003D",
                      "fontFamily": "SFProTextRegular",
                      "fontSize": 16,
                      "lineHeight": 29.44,
                    },
                  ],
                ]
              }
              testID="email-input.validationMessage"
            />
          </View>
        </View>
        <View
          style={
            [
              undefined,
              undefined,
              undefined,
              undefined,
              undefined,
              undefined,
              undefined,
              [
                {},
                undefined,
                {
                  "marginBottom": 19.2,
                },
              ],
            ]
          }
        >
          <Text
            color="#20303C"
            style={
              [
                {
                  "backgroundColor": "transparent",
                  "color": "#20303C",
                  "textAlign": "left",
                },
                undefined,
                {
                  "color": "#20303C",
                },
                undefined,
                undefined,
                undefined,
                undefined,
                undefined,
                undefined,
                [
                  {
                    "minHeight": 20,
                  },
                  {
                    "color": "#FFFFFF",
                    "fontFamily": "SFProDisplayRegular",
                    "fontSize": 22.4,
                    "lineHeight": 24.64,
                    "marginBottom": 8,
                  },
                  undefined,
                ],
              ]
            }
            testID="password-input.label"
          >
            Password
          </Text>
          <View
            centerV={true}
            row={true}
            style={
              [
                undefined,
                undefined,
                undefined,
                undefined,
                {},
                {},
                {
                  "alignItems": "center",
                  "flexDirection": "row",
                },
                [
                  {},
                  [
                    [
                      {
                        "alignItems": "center",
                        "backgroundColor": "#18191F",
                        "borderColor": "#18191F",
                        "borderRadius": 10,
                        "borderWidth": 1,
                        "flexDirection": "row",
                        "paddingLeft": 20,
                        "paddingRight": 20,
                        "position": "relative",
                        "width": "100%",
                      },
                      false,
                      false,
                      {
                        "paddingRight": 50,
                      },
                      undefined,
                      undefined,
                    ],
                    undefined,
                  ],
                ],
              ]
            }
          >
            <View
              flexG={true}
              style={
                [
                  undefined,
                  undefined,
                  {
                    "flexGrow": 1,
                  },
                  undefined,
                  {},
                  {},
                  {},
                  undefined,
                ]
              }
            >
              <TextInput
                accessibilityState={
                  {
                    "disabled": false,
                  }
                }
                editable={true}
                onBlur={[Function]}
                onChangeText={[Function]}
                onFocus={[Function]}
                secureTextEntry={true}
                style={
                  [
                    {
                      "flexGrow": 1,
                      "paddingBottom": 0,
                      "paddingTop": 0,
                      "textAlign": "left",
                    },
                    {
                      "color": "#20303C",
                    },
                    [
                      {},
                      undefined,
                      [
                        {
                          "color": "#FFFFFF",
                          "flex": 1,
                          "fontSize": 18.4,
                          "height": 54,
                          "paddingBottom": 15,
                          "paddingTop": 15,
                        },
                        {},
                        undefined,
                      ],
                    ],
                  ]
                }
                testID="password-input"
                underlineColorAndroid="transparent"
                value=""
              />
            </View>
            <View
              accessible={true}
              collapsable={false}
              focusable={true}
              onClick={[Function]}
              onResponderGrant={[Function]}
              onResponderMove={[Function]}
              onResponderRelease={[Function]}
              onResponderTerminate={[Function]}
              onResponderTerminationRequest={[Function]}
              onStartShouldSetResponder={[Function]}
              style={
                {
                  "height": "100%",
                  "justifyContent": "center",
                  "opacity": 0.5,
                  "position": "absolute",
                  "right": 20,
                  "top": 0,
                  "width": 30,
                }
              }
            />
          </View>
          <View
            row={true}
            spread={true}
            style={
              [
                undefined,
                undefined,
                undefined,
                undefined,
                {},
                {},
                {
                  "flexDirection": "row",
                  "justifyContent": "space-between",
                },
                undefined,
              ]
            }
          >
            <Text
              $textDangerLight={true}
              style={
                [
                  {
                    "backgroundColor": "transparent",
                    "color": "#20303C",
                    "textAlign": "left",
                  },
                  undefined,
                  {
                    "color": "#FC3D2F",
                  },
                  undefined,
                  undefined,
                  {},
                  undefined,
                  undefined,
                  undefined,
                  [
                    {
                      "minHeight": 20,
                    },
                    {
                      "color": "#FF003D",
                      "fontFamily": "SFProTextRegular",
                      "fontSize": 16,
                      "lineHeight": 29.44,
                    },
                  ],
                ]
              }
              testID="password-input.validationMessage"
            />
          </View>
        </View>
        <View
          style={
            {
              "marginTop": 32,
            }
          }
        >
          <View
            accessibilityRole="button"
            accessibilityState={
              {
                "disabled": false,
              }
            }
            accessible={true}
            collapsable={false}
            focusable={true}
            onClick={[Function]}
            onLayout={[Function]}
            onResponderGrant={[Function]}
            onResponderMove={[Function]}
            onResponderRelease={[Function]}
            onResponderTerminate={[Function]}
            onResponderTerminationRequest={[Function]}
            onStartShouldSetResponder={[Function]}
            style={
              {
                "alignItems": "center",
                "backgroundColor": "#26a0f8",
                "borderRadius": 12,
                "flexDirection": "row",
                "justifyContent": "center",
                "minWidth": 90,
                "opacity": 1,
                "paddingHorizontal": 15,
                "paddingVertical": 13,
                "width": "100%",
              }
            }
            testID="submit-button"
          >
            <Text
              numberOfLines={1}
              style={
                [
                  {
                    "backgroundColor": "transparent",
                    "color": "#20303C",
                    "textAlign": "left",
                  },
                  undefined,
                  undefined,
                  undefined,
                  undefined,
                  undefined,
                  undefined,
                  undefined,
                  undefined,
                  [
                    {
                      "backgroundColor": "transparent",
                      "flex": 0,
                      "flexDirection": "row",
                      "fontFamily": "System",
                      "fontSize": 16,
                      "fontWeight": "400",
                      "lineHeight": 24,
                    },
                    {
                      "color": "#FFFFFF",
                    },
                    undefined,
                    undefined,
                    [
                      {
                        "fontFamily": "SFProTextSemiBold",
                        "fontSize": 18.4,
                        "fontWeight": "600",
                        "lineHeight": 30,
                        "textAlign": "center",
                      },
                      {
                        "color": "#FFFFFF",
                      },
                      false,
                    ],
                  ],
                ]
              }
              testID="submit-button.label"
            >
              Login
            </Text>
          </View>
        </View>
        <Text
          style={
            [
              {
                "backgroundColor": "transparent",
                "color": "#20303C",
                "textAlign": "left",
              },
              undefined,
              undefined,
              undefined,
              undefined,
              undefined,
              undefined,
              undefined,
              undefined,
              [
                {
                  "fontFamily": "SFProTextRegular",
                  "fontSize": 16,
                  "lineHeight": 29.44,
                },
                {
                  "color": "#FFFFFF",
                },
                [
                  {
                    "fontSize": 13.6,
                    "textAlign": "right",
                    "width": "100%",
                  },
                  undefined,
                ],
              ],
            ]
          }
        >
          vundefined (undefined)
        </Text>
        <KeyboardTrackingViewTemp
          pointerEvents="none"
          scrollToFocusedInput={true}
          style={
            {
              "backgroundColor": "transparent",
              "bottom": 0,
              "height": 0.5,
              "left": 0,
              "position": "absolute",
              "width": 750,
            }
          }
          useSafeArea={false}
        />
      </View>
    </RCTScrollView>
  </View>
</RNCSafeAreaProvider>
`;
